%Warning-TIMESCALEMOD: /private/tmp/rivoryxa-uvm-execution-review/artifacts/20260915T061701.177965Z-6300fdf4/work/uvm/src/uvm_pkg.sv:54:9: Timescale missing on this module as other modules have it (IEEE 1800-2023 3.14.2.3)
   54 | package uvm_pkg;
      |         ^~~~~~~
                       /private/tmp/rivoryxa-uvm-execution-review/artifacts/20260915T061701.177965Z-6300fdf4/work/alu/rtl/alu.sv:5:8: ... Location of module with timescale
    5 | module alu #(
      |        ^~~
                       ... For warning description see https://verilator.org/warn/TIMESCALEMOD?v=5.050
                       ... Use "/* verilator lint_off TIMESCALEMOD */" and lint_on around source to disable this message.
%Warning-WIDTHTRUNC: /private/tmp/rivoryxa-uvm-execution-review/artifacts/20260915T061701.177965Z-6300fdf4/work/alu/tb/alu_pkg.sv:18:42: Logical operator LOGNOT expects 1 bit on the LHS, but LHS's AND generates 28 bits.
                                                                                                                                       : ... note: In instance 'tb_top.dut'
   18 |     if (!dont_warn_if_no_positive_ops && !((UVM_ALL_ON)&UVM_FLAGS_ON) && ((UVM_ALL_ON)&(~(UVM_COPY|UVM_COMPARE|UVM_PRINT|UVM_RECORD|UVM_PACK|UVM_UNPACK)))) begin 
      |                                          ^
                     ... For warning description see https://verilator.org/warn/WIDTHTRUNC?v=5.050
                     ... Use "/* verilator lint_off WIDTHTRUNC */" and lint_on around source to disable this message.
%Warning-WIDTHTRUNC: /private/tmp/rivoryxa-uvm-execution-review/artifacts/20260915T061701.177965Z-6300fdf4/work/alu/tb/alu_pkg.sv:18:71: Logical operator LOGAND expects 1 bit on the RHS, but RHS's AND generates 28 bits.
                                                                                                                                       : ... note: In instance 'tb_top.dut'
   18 |     if (!dont_warn_if_no_positive_ops && !((UVM_ALL_ON)&UVM_FLAGS_ON) && ((UVM_ALL_ON)&(~(UVM_COPY|UVM_COMPARE|UVM_PRINT|UVM_RECORD|UVM_PACK|UVM_UNPACK)))) begin 
      |                                                                       ^~
%Warning-WIDTHTRUNC: /private/tmp/rivoryxa-uvm-execution-review/artifacts/20260915T061701.177965Z-6300fdf4/work/alu/tb/alu_pkg.sv:18:39: Logical operator LOGAND expects 1 bit on the LHS, but LHS's AND generates 28 bits.
                                                                                                                                       : ... note: In instance 'tb_top.dut'
   18 |              (((UVM_ALL_ON)&UVM_SET)) &&  
      |                                       ^~
%Warning-WIDTHTRUNC: /private/tmp/rivoryxa-uvm-execution-review/artifacts/20260915T061701.177965Z-6300fdf4/work/alu/tb/alu_pkg.sv:18:13: Logical operator LOGNOT expects 1 bit on the LHS, but LHS's AND generates 28 bits.
                                                                                                                                       : ... note: In instance 'tb_top.dut'
   18 |            (!((UVM_ALL_ON)&UVM_NOSET)) 
      |             ^
%Warning-WIDTHTRUNC: /private/tmp/rivoryxa-uvm-execution-review/artifacts/20260915T061701.177965Z-6300fdf4/work/alu/tb/alu_pkg.sv:18:34: Logical operator LOGAND expects 1 bit on the LHS, but LHS's AND generates 28 bits.
                                                                                                                                       : ... note: In instance 'tb_top.dut'
   18 |        (((UVM_ALL_ON)&UVM_COPY)) &&  
      |                                  ^~
%Warning-WIDTHTRUNC: /private/tmp/rivoryxa-uvm-execution-review/artifacts/20260915T061701.177965Z-6300fdf4/work/alu/tb/alu_pkg.sv:18:7: Logical operator LOGNOT expects 1 bit on the LHS, but LHS's AND generates 28 bits.
                                                                                                                                      : ... note: In instance 'tb_top.dut'
   18 |      (!((UVM_ALL_ON)&UVM_NOCOPY)) 
      |       ^
%Warning-WIDTHEXPAND: /private/tmp/rivoryxa-uvm-execution-review/artifacts/20260915T061701.177965Z-6300fdf4/work/alu/tb/alu_pkg.sv:18:113: Operator AND expects 32 bits on the LHS, but LHS's VARREF 'UVM_ALL_ON' generates 28 bits.
                                                                                                                                         : ... note: In instance 'tb_top.dut'
   18 |        void'(__local_comparer__.compare_field_int("a" , a, local_rhs__.a, $bits(a), uvm_radix_enum'((UVM_ALL_ON)&(UVM_RADIX)))); 
      |                                                                                                                 ^
                      ... For warning description see https://verilator.org/warn/WIDTHEXPAND?v=5.050
                      ... Use "/* verilator lint_off WIDTHEXPAND */" and lint_on around source to disable this message.
%Warning-WIDTHEXPAND: /private/tmp/rivoryxa-uvm-execution-review/artifacts/20260915T061701.177965Z-6300fdf4/work/alu/tb/alu_pkg.sv:18:33: Operator METHODCALL 'compare_field_int' expects 64 bits on the Function Argument, but Function Argument's VARREF 'a' generates 32 bits.
                                                                                                                                        : ... note: In instance 'tb_top.dut'
   18 |        void'(__local_comparer__.compare_field_int("a" , a, local_rhs__.a, $bits(a), uvm_radix_enum'((UVM_ALL_ON)&(UVM_RADIX)))); 
      |                                 ^~~~~~~~~~~~~~~~~
%Warning-WIDTHEXPAND: /private/tmp/rivoryxa-uvm-execution-review/artifacts/20260915T061701.177965Z-6300fdf4/work/alu/tb/alu_pkg.sv:18:33: Operator METHODCALL 'compare_field_int' expects 64 bits on the Function Argument, but Function Argument's MEMBERSEL 'a' generates 32 bits.
                                                                                                                                        : ... note: In instance 'tb_top.dut'
   18 |        void'(__local_comparer__.compare_field_int("a" , a, local_rhs__.a, $bits(a), uvm_radix_enum'((UVM_ALL_ON)&(UVM_RADIX)))); 
      |                                 ^~~~~~~~~~~~~~~~~
%Warning-WIDTHEXPAND: /private/tmp/rivoryxa-uvm-execution-review/artifacts/20260915T061701.177965Z-6300fdf4/work/alu/tb/alu_pkg.sv:18:109: Operator AND expects 32 bits on the LHS, but LHS's VARREF 'UVM_ALL_ON' generates 28 bits.
                                                                                                                                         : ... note: In instance 'tb_top.dut'
   18 |        void'(__local_comparer__.compare_field("a" , a, local_rhs__.a, $bits(a), uvm_radix_enum'((UVM_ALL_ON)&(UVM_RADIX)))); 
      |                                                                                                             ^
%Warning-WIDTHEXPAND: /private/tmp/rivoryxa-uvm-execution-review/artifacts/20260915T061701.177965Z-6300fdf4/work/alu/tb/alu_pkg.sv:18:33: Operator METHODCALL 'compare_field' expects 4096 bits on the Function Argument, but Function Argument's VARREF 'a' generates 32 bits.
                                                                                                                                        : ... note: In instance 'tb_top.dut'
   18 |        void'(__local_comparer__.compare_field("a" , a, local_rhs__.a, $bits(a), uvm_radix_enum'((UVM_ALL_ON)&(UVM_RADIX)))); 
      |                                 ^~~~~~~~~~~~~
%Warning-WIDTHEXPAND: /private/tmp/rivoryxa-uvm-execution-review/artifacts/20260915T061701.177965Z-6300fdf4/work/alu/tb/alu_pkg.sv:18:33: Operator METHODCALL 'compare_field' expects 4096 bits on the Function Argument, but Function Argument's MEMBERSEL 'a' generates 32 bits.
                                                                                                                                        : ... note: In instance 'tb_top.dut'
   18 |        void'(__local_comparer__.compare_field("a" , a, local_rhs__.a, $bits(a), uvm_radix_enum'((UVM_ALL_ON)&(UVM_RADIX)))); 
      |                                 ^~~~~~~~~~~~~
%Warning-WIDTHTRUNC: /private/tmp/rivoryxa-uvm-execution-review/artifacts/20260915T061701.177965Z-6300fdf4/work/alu/tb/alu_pkg.sv:18:8: Logical operator LOGNOT expects 1 bit on the LHS, but LHS's METHODCALL 'get_threshold' generates 32 bits.
                                                                                                                                      : ... note: In instance 'tb_top.dut'
   18 |   if ((!__local_comparer__.get_threshold() || 
      |        ^
%Warning-WIDTHTRUNC: /private/tmp/rivoryxa-uvm-execution-review/artifacts/20260915T061701.177965Z-6300fdf4/work/alu/tb/alu_pkg.sv:18:37: Logical operator LOGAND expects 1 bit on the LHS, but LHS's AND generates 28 bits.
                                                                                                                                       : ... note: In instance 'tb_top.dut'
   18 |        (((UVM_ALL_ON)&UVM_COMPARE)) &&  
      |                                     ^~
%Warning-WIDTHEXPAND: /private/tmp/rivoryxa-uvm-execution-review/artifacts/20260915T061701.177965Z-6300fdf4/work/alu/tb/alu_pkg.sv:18:23: Operator METHODCALL 'pack_field_int' expects 64 bits on the Function Argument, but Function Argument's VARREF 'a' generates 32 bits.
                                                                                                                                        : ... note: In instance 'tb_top.dut'
   18 |      __local_packer__.pack_field_int(a, $bits(a)); 
      |                       ^~~~~~~~~~~~~~
%Warning-WIDTHEXPAND: /private/tmp/rivoryxa-uvm-execution-review/artifacts/20260915T061701.177965Z-6300fdf4/work/alu/tb/alu_pkg.sv:18:23: Operator METHODCALL 'pack_field' expects 4096 bits on the Function Argument, but Function Argument's VARREF 'a' generates 32 bits.
                                                                                                                                        : ... note: In instance 'tb_top.dut'
   18 |      __local_packer__.pack_field(a, $bits(a)); 
      |                       ^~~~~~~~~~
%Warning-WIDTHTRUNC: /private/tmp/rivoryxa-uvm-execution-review/artifacts/20260915T061701.177965Z-6300fdf4/work/alu/tb/alu_pkg.sv:18:7: Operator ASSIGN expects 32 bits on the Assign RHS, but Assign RHS's METHODCALL 'unpack_field_int' generates 64 bits.
                                                                                                                                      : ... note: In instance 'tb_top.dut'
   18 |     a = __local_packer__.unpack_field_int($bits(a)); 
      |       ^
%Warning-WIDTHTRUNC: /private/tmp/rivoryxa-uvm-execution-review/artifacts/20260915T061701.177965Z-6300fdf4/work/alu/tb/alu_pkg.sv:18:7: Operator ASSIGN expects 32 bits on the Assign RHS, but Assign RHS's METHODCALL 'unpack_field' generates 4096 bits.
                                                                                                                                      : ... note: In instance 'tb_top.dut'
   18 |     a = __local_packer__.unpack_field($bits(a)); 
      |       ^
%Warning-WIDTHTRUNC: /private/tmp/rivoryxa-uvm-execution-review/artifacts/20260915T061701.177965Z-6300fdf4/work/alu/tb/alu_pkg.sv:18:36: Logical operator LOGAND expects 1 bit on the LHS, but LHS's AND generates 28 bits.
                                                                                                                                       : ... note: In instance 'tb_top.dut'
   18 |        (((UVM_ALL_ON)&UVM_UNPACK)) &&  
      |                                    ^~
%Warning-WIDTHEXPAND: /private/tmp/rivoryxa-uvm-execution-review/artifacts/20260915T061701.177965Z-6300fdf4/work/alu/tb/alu_pkg.sv:18:89: Operator AND expects 32 bits on the LHS, but LHS's VARREF 'UVM_ALL_ON' generates 28 bits.
                                                                                                                                        : ... note: In instance 'tb_top.dut'
   18 |           __local_recorder__.record_field("a", a, $bits(a), uvm_radix_enum'((UVM_ALL_ON)&(UVM_RADIX))); 
      |                                                                                         ^
%Warning-WIDTHEXPAND: /private/tmp/rivoryxa-uvm-execution-review/artifacts/20260915T061701.177965Z-6300fdf4/work/alu/tb/alu_pkg.sv:18:30: Operator METHODCALL 'record_field' expects 4096 bits on the Function Argument, but Function Argument's VARREF 'a' generates 32 bits.
                                                                                                                                        : ... note: In instance 'tb_top.dut'
   18 |           __local_recorder__.record_field("a", a, $bits(a), uvm_radix_enum'((UVM_ALL_ON)&(UVM_RADIX))); 
      |                              ^~~~~~~~~~~~
%Warning-WIDTHEXPAND: /private/tmp/rivoryxa-uvm-execution-review/artifacts/20260915T061701.177965Z-6300fdf4/work/alu/tb/alu_pkg.sv:18:93: Operator AND expects 32 bits on the LHS, but LHS's VARREF 'UVM_ALL_ON' generates 28 bits.
                                                                                                                                        : ... note: In instance 'tb_top.dut'
   18 |           __local_recorder__.record_field_int("a", a, $bits(a), uvm_radix_enum'((UVM_ALL_ON)&(UVM_RADIX))); 
      |                                                                                             ^
%Warning-WIDTHEXPAND: /private/tmp/rivoryxa-uvm-execution-review/artifacts/20260915T061701.177965Z-6300fdf4/work/alu/tb/alu_pkg.sv:18:30: Operator METHODCALL 'record_field_int' expects 64 bits on the Function Argument, but Function Argument's VARREF 'a' generates 32 bits.
                                                                                                                                        : ... note: In instance 'tb_top.dut'
   18 |           __local_recorder__.record_field_int("a", a, $bits(a), uvm_radix_enum'((UVM_ALL_ON)&(UVM_RADIX))); 
      |                              ^~~~~~~~~~~~~~~~
%Warning-WIDTHEXPAND: /private/tmp/rivoryxa-uvm-execution-review/artifacts/20260915T061701.177965Z-6300fdf4/work/alu/tb/alu_pkg.sv:18:79: Operator AND expects 32 bits on the LHS, but LHS's VARREF 'UVM_ALL_ON' generates 28 bits.
                                                                                                                                        : ... note: In instance 'tb_top.dut'
   18 |   __local_printer__.print_field("a", a, $bits(a), uvm_radix_enum'((UVM_ALL_ON)&(UVM_RADIX)), ".", "integral"); 
      |                                                                               ^
%Warning-WIDTHEXPAND: /private/tmp/rivoryxa-uvm-execution-review/artifacts/20260915T061701.177965Z-6300fdf4/work/alu/tb/alu_pkg.sv:18:21: Operator METHODCALL 'print_field' expects 4096 bits on the Function Argument, but Function Argument's VARREF 'a' generates 32 bits.
                                                                                                                                        : ... note: In instance 'tb_top.dut'
   18 |   __local_printer__.print_field("a", a, $bits(a), uvm_radix_enum'((UVM_ALL_ON)&(UVM_RADIX)), ".", "integral"); 
      |                     ^~~~~~~~~~~
%Warning-WIDTHEXPAND: /private/tmp/rivoryxa-uvm-execution-review/artifacts/20260915T061701.177965Z-6300fdf4/work/alu/tb/alu_pkg.sv:18:83: Operator AND expects 32 bits on the LHS, but LHS's VARREF 'UVM_ALL_ON' generates 28 bits.
                                                                                                                                        : ... note: In instance 'tb_top.dut'
   18 |   __local_printer__.print_field_int("a", a, $bits(a), uvm_radix_enum'((UVM_ALL_ON)&(UVM_RADIX)), ".", "integral"); 
      |                                                                                   ^
%Warning-WIDTHEXPAND: /private/tmp/rivoryxa-uvm-execution-review/artifacts/20260915T061701.177965Z-6300fdf4/work/alu/tb/alu_pkg.sv:18:21: Operator METHODCALL 'print_field_int' expects 64 bits on the Function Argument, but Function Argument's VARREF 'a' generates 32 bits.
                                                                                                                                        : ... note: In instance 'tb_top.dut'
   18 |   __local_printer__.print_field_int("a", a, $bits(a), uvm_radix_enum'((UVM_ALL_ON)&(UVM_RADIX)), ".", "integral"); 
      |                     ^~~~~~~~~~~~~~~
%Warning-WIDTHTRUNC: /private/tmp/rivoryxa-uvm-execution-review/artifacts/20260915T061701.177965Z-6300fdf4/work/alu/tb/alu_pkg.sv:18:35: Logical operator LOGAND expects 1 bit on the LHS, but LHS's AND generates 28 bits.
                                                                                                                                       : ... note: In instance 'tb_top.dut'
   18 |        (((UVM_ALL_ON)&UVM_PRINT)) &&  
      |                                   ^~
%Warning-WIDTHTRUNC: /private/tmp/rivoryxa-uvm-execution-review/artifacts/20260915T061701.177965Z-6300fdf4/work/alu/tb/alu_pkg.sv:18:7: Operator ASSIGN expects 32 bits on the Assign RHS, but Assign RHS's METHODCALL 'read' generates 64 bits.
                                                                                                                                      : ... note: In instance 'tb_top.dut'
   18 |     a = __tmp_rsrc__.read(this);                               
      |       ^
%Warning-WIDTHTRUNC: /private/tmp/rivoryxa-uvm-execution-review/artifacts/20260915T061701.177965Z-6300fdf4/work/alu/tb/alu_pkg.sv:18:7: Operator ASSIGN expects 32 bits on the Assign RHS, but Assign RHS's METHODCALL 'read' generates 4096 bits.
                                                                                                                                      : ... note: In instance 'tb_top.dut'
   18 |     a = __tmp_rsrc__.read(this);                               
      |       ^
%Warning-WIDTHTRUNC: /private/tmp/rivoryxa-uvm-execution-review/artifacts/20260915T061701.177965Z-6300fdf4/work/alu/tb/alu_pkg.sv:18:33: Logical operator LOGAND expects 1 bit on the LHS, but LHS's AND generates 28 bits.
                                                                                                                                       : ... note: In instance 'tb_top.dut'
   18 |        (((UVM_ALL_ON)&UVM_SET)) &&  
      |                                 ^~
%Warning-WIDTHTRUNC: /private/tmp/rivoryxa-uvm-execution-review/artifacts/20260915T061701.177965Z-6300fdf4/work/alu/tb/alu_pkg.sv:19:42: Logical operator LOGNOT expects 1 bit on the LHS, but LHS's AND generates 28 bits.
                                                                                                                                       : ... note: In instance 'tb_top.dut'
   19 |     if (!dont_warn_if_no_positive_ops && !((UVM_ALL_ON)&UVM_FLAGS_ON) && ((UVM_ALL_ON)&(~(UVM_COPY|UVM_COMPARE|UVM_PRINT|UVM_RECORD|UVM_PACK|UVM_UNPACK)))) begin 
      |                                          ^
%Warning-WIDTHTRUNC: /private/tmp/rivoryxa-uvm-execution-review/artifacts/20260915T061701.177965Z-6300fdf4/work/alu/tb/alu_pkg.sv:19:71: Logical operator LOGAND expects 1 bit on the RHS, but RHS's AND generates 28 bits.
                                                                                                                                       : ... note: In instance 'tb_top.dut'
   19 |     if (!dont_warn_if_no_positive_ops && !((UVM_ALL_ON)&UVM_FLAGS_ON) && ((UVM_ALL_ON)&(~(UVM_COPY|UVM_COMPARE|UVM_PRINT|UVM_RECORD|UVM_PACK|UVM_UNPACK)))) begin 
      |                                                                       ^~
%Warning-WIDTHTRUNC: /private/tmp/rivoryxa-uvm-execution-review/artifacts/20260915T061701.177965Z-6300fdf4/work/alu/tb/alu_pkg.sv:19:39: Logical operator LOGAND expects 1 bit on the LHS, but LHS's AND generates 28 bits.
                                                                                                                                       : ... note: In instance 'tb_top.dut'
   19 |              (((UVM_ALL_ON)&UVM_SET)) &&  
      |                                       ^~
%Warning-WIDTHTRUNC: /private/tmp/rivoryxa-uvm-execution-review/artifacts/20260915T061701.177965Z-6300fdf4/work/alu/tb/alu_pkg.sv:19:13: Logical operator LOGNOT expects 1 bit on the LHS, but LHS's AND generates 28 bits.
                                                                                                                                       : ... note: In instance 'tb_top.dut'
   19 |            (!((UVM_ALL_ON)&UVM_NOSET)) 
      |             ^
%Warning-WIDTHTRUNC: /private/tmp/rivoryxa-uvm-execution-review/artifacts/20260915T061701.177965Z-6300fdf4/work/alu/tb/alu_pkg.sv:19:34: Logical operator LOGAND expects 1 bit on the LHS, but LHS's AND generates 28 bits.
                                                                                                                                       : ... note: In instance 'tb_top.dut'
   19 |        (((UVM_ALL_ON)&UVM_COPY)) &&  
      |                                  ^~
%Warning-WIDTHTRUNC: /private/tmp/rivoryxa-uvm-execution-review/artifacts/20260915T061701.177965Z-6300fdf4/work/alu/tb/alu_pkg.sv:19:7: Logical operator LOGNOT expects 1 bit on the LHS, but LHS's AND generates 28 bits.
                                                                                                                                      : ... note: In instance 'tb_top.dut'
   19 |      (!((UVM_ALL_ON)&UVM_NOCOPY)) 
      |       ^
%Warning-WIDTHEXPAND: /private/tmp/rivoryxa-uvm-execution-review/artifacts/20260915T061701.177965Z-6300fdf4/work/alu/tb/alu_pkg.sv:19:113: Operator AND expects 32 bits on the LHS, but LHS's VARREF 'UVM_ALL_ON' generates 28 bits.
                                                                                                                                         : ... note: In instance 'tb_top.dut'
   19 |        void'(__local_comparer__.compare_field_int("b" , b, local_rhs__.b, $bits(b), uvm_radix_enum'((UVM_ALL_ON)&(UVM_RADIX)))); 
      |                                                                                                                 ^
%Warning-WIDTHEXPAND: /private/tmp/rivoryxa-uvm-execution-review/artifacts/20260915T061701.177965Z-6300fdf4/work/alu/tb/alu_pkg.sv:19:33: Operator METHODCALL 'compare_field_int' expects 64 bits on the Function Argument, but Function Argument's VARREF 'b' generates 32 bits.
                                                                                                                                        : ... note: In instance 'tb_top.dut'
   19 |        void'(__local_comparer__.compare_field_int("b" , b, local_rhs__.b, $bits(b), uvm_radix_enum'((UVM_ALL_ON)&(UVM_RADIX)))); 
      |                                 ^~~~~~~~~~~~~~~~~
%Warning-WIDTHEXPAND: /private/tmp/rivoryxa-uvm-execution-review/artifacts/20260915T061701.177965Z-6300fdf4/work/alu/tb/alu_pkg.sv:19:33: Operator METHODCALL 'compare_field_int' expects 64 bits on the Function Argument, but Function Argument's MEMBERSEL 'b' generates 32 bits.
                                                                                                                                        : ... note: In instance 'tb_top.dut'
   19 |        void'(__local_comparer__.compare_field_int("b" , b, local_rhs__.b, $bits(b), uvm_radix_enum'((UVM_ALL_ON)&(UVM_RADIX)))); 
      |                                 ^~~~~~~~~~~~~~~~~
%Warning-WIDTHEXPAND: /private/tmp/rivoryxa-uvm-execution-review/artifacts/20260915T061701.177965Z-6300fdf4/work/alu/tb/alu_pkg.sv:19:109: Operator AND expects 32 bits on the LHS, but LHS's VARREF 'UVM_ALL_ON' generates 28 bits.
                                                                                                                                         : ... note: In instance 'tb_top.dut'
   19 |        void'(__local_comparer__.compare_field("b" , b, local_rhs__.b, $bits(b), uvm_radix_enum'((UVM_ALL_ON)&(UVM_RADIX)))); 
      |                                                                                                             ^
%Warning-WIDTHEXPAND: /private/tmp/rivoryxa-uvm-execution-review/artifacts/20260915T061701.177965Z-6300fdf4/work/alu/tb/alu_pkg.sv:19:33: Operator METHODCALL 'compare_field' expects 4096 bits on the Function Argument, but Function Argument's VARREF 'b' generates 32 bits.
                                                                                                                                        : ... note: In instance 'tb_top.dut'
   19 |        void'(__local_comparer__.compare_field("b" , b, local_rhs__.b, $bits(b), uvm_radix_enum'((UVM_ALL_ON)&(UVM_RADIX)))); 
      |                                 ^~~~~~~~~~~~~
%Warning-WIDTHEXPAND: /private/tmp/rivoryxa-uvm-execution-review/artifacts/20260915T061701.177965Z-6300fdf4/work/alu/tb/alu_pkg.sv:19:33: Operator METHODCALL 'compare_field' expects 4096 bits on the Function Argument, but Function Argument's MEMBERSEL 'b' generates 32 bits.
                                                                                                                                        : ... note: In instance 'tb_top.dut'
   19 |        void'(__local_comparer__.compare_field("b" , b, local_rhs__.b, $bits(b), uvm_radix_enum'((UVM_ALL_ON)&(UVM_RADIX)))); 
      |                                 ^~~~~~~~~~~~~
%Warning-WIDTHTRUNC: /private/tmp/rivoryxa-uvm-execution-review/artifacts/20260915T061701.177965Z-6300fdf4/work/alu/tb/alu_pkg.sv:19:8: Logical operator LOGNOT expects 1 bit on the LHS, but LHS's METHODCALL 'get_threshold' generates 32 bits.
                                                                                                                                      : ... note: In instance 'tb_top.dut'
   19 |   if ((!__local_comparer__.get_threshold() || 
      |        ^
%Warning-WIDTHTRUNC: /private/tmp/rivoryxa-uvm-execution-review/artifacts/20260915T061701.177965Z-6300fdf4/work/alu/tb/alu_pkg.sv:19:37: Logical operator LOGAND expects 1 bit on the LHS, but LHS's AND generates 28 bits.
                                                                                                                                       : ... note: In instance 'tb_top.dut'
   19 |        (((UVM_ALL_ON)&UVM_COMPARE)) &&  
      |                                     ^~
%Warning-WIDTHEXPAND: /private/tmp/rivoryxa-uvm-execution-review/artifacts/20260915T061701.177965Z-6300fdf4/work/alu/tb/alu_pkg.sv:19:23: Operator METHODCALL 'pack_field_int' expects 64 bits on the Function Argument, but Function Argument's VARREF 'b' generates 32 bits.
                                                                                                                                        : ... note: In instance 'tb_top.dut'
   19 |      __local_packer__.pack_field_int(b, $bits(b)); 
      |                       ^~~~~~~~~~~~~~
%Warning-WIDTHEXPAND: /private/tmp/rivoryxa-uvm-execution-review/artifacts/20260915T061701.177965Z-6300fdf4/work/alu/tb/alu_pkg.sv:19:23: Operator METHODCALL 'pack_field' expects 4096 bits on the Function Argument, but Function Argument's VARREF 'b' generates 32 bits.
                                                                                                                                        : ... note: In instance 'tb_top.dut'
   19 |      __local_packer__.pack_field(b, $bits(b)); 
      |                       ^~~~~~~~~~
%Warning-WIDTHTRUNC: /private/tmp/rivoryxa-uvm-execution-review/artifacts/20260915T061701.177965Z-6300fdf4/work/alu/tb/alu_pkg.sv:19:7: Operator ASSIGN expects 32 bits on the Assign RHS, but Assign RHS's METHODCALL 'unpack_field_int' generates 64 bits.
                                                                                                                                      : ... note: In instance 'tb_top.dut'
   19 |     b = __local_packer__.unpack_field_int($bits(b)); 
      |       ^
%Warning-WIDTHTRUNC: /private/tmp/rivoryxa-uvm-execution-review/artifacts/20260915T061701.177965Z-6300fdf4/work/alu/tb/alu_pkg.sv:19:7: Operator ASSIGN expects 32 bits on the Assign RHS, but Assign RHS's METHODCALL 'unpack_field' generates 4096 bits.
                                                                                                                                      : ... note: In instance 'tb_top.dut'
   19 |     b = __local_packer__.unpack_field($bits(b)); 
      |       ^
%Warning-WIDTHTRUNC: /private/tmp/rivoryxa-uvm-execution-review/artifacts/20260915T061701.177965Z-6300fdf4/work/alu/tb/alu_pkg.sv:19:36: Logical operator LOGAND expects 1 bit on the LHS, but LHS's AND generates 28 bits.
                                                                                                                                       : ... note: In instance 'tb_top.dut'
   19 |        (((UVM_ALL_ON)&UVM_UNPACK)) &&  
      |                                    ^~
%Warning-WIDTHEXPAND: /private/tmp/rivoryxa-uvm-execution-review/artifacts/20260915T061701.177965Z-6300fdf4/work/alu/tb/alu_pkg.sv:19:89: Operator AND expects 32 bits on the LHS, but LHS's VARREF 'UVM_ALL_ON' generates 28 bits.
                                                                                                                                        : ... note: In instance 'tb_top.dut'
   19 |           __local_recorder__.record_field("b", b, $bits(b), uvm_radix_enum'((UVM_ALL_ON)&(UVM_RADIX))); 
      |                                                                                         ^
%Warning-WIDTHEXPAND: /private/tmp/rivoryxa-uvm-execution-review/artifacts/20260915T061701.177965Z-6300fdf4/work/alu/tb/alu_pkg.sv:19:30: Operator METHODCALL 'record_field' expects 4096 bits on the Function Argument, but Function Argument's VARREF 'b' generates 32 bits.
                                                                                                                                        : ... note: In instance 'tb_top.dut'
   19 |           __local_recorder__.record_field("b", b, $bits(b), uvm_radix_enum'((UVM_ALL_ON)&(UVM_RADIX))); 
      |                              ^~~~~~~~~~~~
%Warning-WIDTHEXPAND: /private/tmp/rivoryxa-uvm-execution-review/artifacts/20260915T061701.177965Z-6300fdf4/work/alu/tb/alu_pkg.sv:19:93: Operator AND expects 32 bits on the LHS, but LHS's VARREF 'UVM_ALL_ON' generates 28 bits.
                                                                                                                                        : ... note: In instance 'tb_top.dut'
   19 |           __local_recorder__.record_field_int("b", b, $bits(b), uvm_radix_enum'((UVM_ALL_ON)&(UVM_RADIX))); 
      |                                                                                             ^
%Warning-WIDTHEXPAND: /private/tmp/rivoryxa-uvm-execution-review/artifacts/20260915T061701.177965Z-6300fdf4/work/alu/tb/alu_pkg.sv:19:30: Operator METHODCALL 'record_field_int' expects 64 bits on the Function Argument, but Function Argument's VARREF 'b' generates 32 bits.
                                                                                                                                        : ... note: In instance 'tb_top.dut'
   19 |           __local_recorder__.record_field_int("b", b, $bits(b), uvm_radix_enum'((UVM_ALL_ON)&(UVM_RADIX))); 
      |                              ^~~~~~~~~~~~~~~~
%Warning-WIDTHEXPAND: /private/tmp/rivoryxa-uvm-execution-review/artifacts/20260915T061701.177965Z-6300fdf4/work/alu/tb/alu_pkg.sv:19:79: Operator AND expects 32 bits on the LHS, but LHS's VARREF 'UVM_ALL_ON' generates 28 bits.
                                                                                                                                        : ... note: In instance 'tb_top.dut'
   19 |   __local_printer__.print_field("b", b, $bits(b), uvm_radix_enum'((UVM_ALL_ON)&(UVM_RADIX)), ".", "integral"); 
      |                                                                               ^
%Warning-WIDTHEXPAND: /private/tmp/rivoryxa-uvm-execution-review/artifacts/20260915T061701.177965Z-6300fdf4/work/alu/tb/alu_pkg.sv:19:21: Operator METHODCALL 'print_field' expects 4096 bits on the Function Argument, but Function Argument's VARREF 'b' generates 32 bits.
                                                                                                                                        : ... note: In instance 'tb_top.dut'
   19 |   __local_printer__.print_field("b", b, $bits(b), uvm_radix_enum'((UVM_ALL_ON)&(UVM_RADIX)), ".", "integral"); 
      |                     ^~~~~~~~~~~
%Warning-WIDTHEXPAND: /private/tmp/rivoryxa-uvm-execution-review/artifacts/20260915T061701.177965Z-6300fdf4/work/alu/tb/alu_pkg.sv:19:83: Operator AND expects 32 bits on the LHS, but LHS's VARREF 'UVM_ALL_ON' generates 28 bits.
                                                                                                                                        : ... note: In instance 'tb_top.dut'
   19 |   __local_printer__.print_field_int("b", b, $bits(b), uvm_radix_enum'((UVM_ALL_ON)&(UVM_RADIX)), ".", "integral"); 
      |                                                                                   ^
%Warning-WIDTHEXPAND: /private/tmp/rivoryxa-uvm-execution-review/artifacts/20260915T061701.177965Z-6300fdf4/work/alu/tb/alu_pkg.sv:19:21: Operator METHODCALL 'print_field_int' expects 64 bits on the Function Argument, but Function Argument's VARREF 'b' generates 32 bits.
                                                                                                                                        : ... note: In instance 'tb_top.dut'
   19 |   __local_printer__.print_field_int("b", b, $bits(b), uvm_radix_enum'((UVM_ALL_ON)&(UVM_RADIX)), ".", "integral"); 
      |                     ^~~~~~~~~~~~~~~
%Warning-WIDTHTRUNC: /private/tmp/rivoryxa-uvm-execution-review/artifacts/20260915T061701.177965Z-6300fdf4/work/alu/tb/alu_pkg.sv:19:35: Logical operator LOGAND expects 1 bit on the LHS, but LHS's AND generates 28 bits.
                                                                                                                                       : ... note: In instance 'tb_top.dut'
   19 |        (((UVM_ALL_ON)&UVM_PRINT)) &&  
      |                                   ^~
%Warning-WIDTHTRUNC: /private/tmp/rivoryxa-uvm-execution-review/artifacts/20260915T061701.177965Z-6300fdf4/work/alu/tb/alu_pkg.sv:19:7: Operator ASSIGN expects 32 bits on the Assign RHS, but Assign RHS's METHODCALL 'read' generates 64 bits.
                                                                                                                                      : ... note: In instance 'tb_top.dut'
   19 |     b = __tmp_rsrc__.read(this);                               
      |       ^
%Warning-WIDTHTRUNC: /private/tmp/rivoryxa-uvm-execution-review/artifacts/20260915T061701.177965Z-6300fdf4/work/alu/tb/alu_pkg.sv:19:7: Operator ASSIGN expects 32 bits on the Assign RHS, but Assign RHS's METHODCALL 'read' generates 4096 bits.
                                                                                                                                      : ... note: In instance 'tb_top.dut'
   19 |     b = __tmp_rsrc__.read(this);                               
      |       ^
%Warning-WIDTHTRUNC: /private/tmp/rivoryxa-uvm-execution-review/artifacts/20260915T061701.177965Z-6300fdf4/work/alu/tb/alu_pkg.sv:19:33: Logical operator LOGAND expects 1 bit on the LHS, but LHS's AND generates 28 bits.
                                                                                                                                       : ... note: In instance 'tb_top.dut'
   19 |        (((UVM_ALL_ON)&UVM_SET)) &&  
      |                                 ^~
%Warning-WIDTHTRUNC: /private/tmp/rivoryxa-uvm-execution-review/artifacts/20260915T061701.177965Z-6300fdf4/work/alu/tb/alu_pkg.sv:20:42: Logical operator LOGNOT expects 1 bit on the LHS, but LHS's AND generates 28 bits.
                                                                                                                                       : ... note: In instance 'tb_top.dut'
   20 |     if (!dont_warn_if_no_positive_ops && !((UVM_ALL_ON)&UVM_FLAGS_ON) && ((UVM_ALL_ON)&(~(UVM_COPY|UVM_COMPARE|UVM_PRINT|UVM_RECORD|UVM_PACK|UVM_UNPACK)))) begin 
      |                                          ^
%Warning-WIDTHTRUNC: /private/tmp/rivoryxa-uvm-execution-review/artifacts/20260915T061701.177965Z-6300fdf4/work/alu/tb/alu_pkg.sv:20:71: Logical operator LOGAND expects 1 bit on the RHS, but RHS's AND generates 28 bits.
                                                                                                                                       : ... note: In instance 'tb_top.dut'
   20 |     if (!dont_warn_if_no_positive_ops && !((UVM_ALL_ON)&UVM_FLAGS_ON) && ((UVM_ALL_ON)&(~(UVM_COPY|UVM_COMPARE|UVM_PRINT|UVM_RECORD|UVM_PACK|UVM_UNPACK)))) begin 
      |                                                                       ^~
%Warning-WIDTHTRUNC: /private/tmp/rivoryxa-uvm-execution-review/artifacts/20260915T061701.177965Z-6300fdf4/work/alu/tb/alu_pkg.sv:20:39: Logical operator LOGAND expects 1 bit on the LHS, but LHS's AND generates 28 bits.
                                                                                                                                       : ... note: In instance 'tb_top.dut'
   20 |              (((UVM_ALL_ON)&UVM_SET)) &&  
      |                                       ^~
%Warning-WIDTHTRUNC: /private/tmp/rivoryxa-uvm-execution-review/artifacts/20260915T061701.177965Z-6300fdf4/work/alu/tb/alu_pkg.sv:20:13: Logical operator LOGNOT expects 1 bit on the LHS, but LHS's AND generates 28 bits.
                                                                                                                                       : ... note: In instance 'tb_top.dut'
   20 |            (!((UVM_ALL_ON)&UVM_NOSET)) 
      |             ^
%Warning-WIDTHTRUNC: /private/tmp/rivoryxa-uvm-execution-review/artifacts/20260915T061701.177965Z-6300fdf4/work/alu/tb/alu_pkg.sv:20:34: Logical operator LOGAND expects 1 bit on the LHS, but LHS's AND generates 28 bits.
                                                                                                                                       : ... note: In instance 'tb_top.dut'
   20 |        (((UVM_ALL_ON)&UVM_COPY)) &&  
      |                                  ^~
%Warning-WIDTHTRUNC: /private/tmp/rivoryxa-uvm-execution-review/artifacts/20260915T061701.177965Z-6300fdf4/work/alu/tb/alu_pkg.sv:20:7: Logical operator LOGNOT expects 1 bit on the LHS, but LHS's AND generates 28 bits.
                                                                                                                                      : ... note: In instance 'tb_top.dut'
   20 |      (!((UVM_ALL_ON)&UVM_NOCOPY)) 
      |       ^
%Warning-WIDTHEXPAND: /private/tmp/rivoryxa-uvm-execution-review/artifacts/20260915T061701.177965Z-6300fdf4/work/alu/tb/alu_pkg.sv:20:117: Operator AND expects 32 bits on the LHS, but LHS's VARREF 'UVM_ALL_ON' generates 28 bits.
                                                                                                                                         : ... note: In instance 'tb_top.dut'
   20 |        void'(__local_comparer__.compare_field_int("op" , op, local_rhs__.op, $bits(op), uvm_radix_enum'((UVM_ALL_ON)&(UVM_RADIX)))); 
      |                                                                                                                     ^
%Warning-WIDTHEXPAND: /private/tmp/rivoryxa-uvm-execution-review/artifacts/20260915T061701.177965Z-6300fdf4/work/alu/tb/alu_pkg.sv:20:33: Operator METHODCALL 'compare_field_int' expects 64 bits on the Function Argument, but Function Argument's VARREF 'op' generates 3 bits.
                                                                                                                                        : ... note: In instance 'tb_top.dut'
   20 |        void'(__local_comparer__.compare_field_int("op" , op, local_rhs__.op, $bits(op), uvm_radix_enum'((UVM_ALL_ON)&(UVM_RADIX)))); 
      |                                 ^~~~~~~~~~~~~~~~~
%Warning-WIDTHEXPAND: /private/tmp/rivoryxa-uvm-execution-review/artifacts/20260915T061701.177965Z-6300fdf4/work/alu/tb/alu_pkg.sv:20:33: Operator METHODCALL 'compare_field_int' expects 64 bits on the Function Argument, but Function Argument's MEMBERSEL 'op' generates 3 bits.
                                                                                                                                        : ... note: In instance 'tb_top.dut'
   20 |        void'(__local_comparer__.compare_field_int("op" , op, local_rhs__.op, $bits(op), uvm_radix_enum'((UVM_ALL_ON)&(UVM_RADIX)))); 
      |                                 ^~~~~~~~~~~~~~~~~
%Warning-WIDTHEXPAND: /private/tmp/rivoryxa-uvm-execution-review/artifacts/20260915T061701.177965Z-6300fdf4/work/alu/tb/alu_pkg.sv:20:113: Operator AND expects 32 bits on the LHS, but LHS's VARREF 'UVM_ALL_ON' generates 28 bits.
                                                                                                                                         : ... note: In instance 'tb_top.dut'
   20 |        void'(__local_comparer__.compare_field("op" , op, local_rhs__.op, $bits(op), uvm_radix_enum'((UVM_ALL_ON)&(UVM_RADIX)))); 
      |                                                                                                                 ^
%Warning-WIDTHEXPAND: /private/tmp/rivoryxa-uvm-execution-review/artifacts/20260915T061701.177965Z-6300fdf4/work/alu/tb/alu_pkg.sv:20:33: Operator METHODCALL 'compare_field' expects 4096 bits on the Function Argument, but Function Argument's VARREF 'op' generates 3 bits.
                                                                                                                                        : ... note: In instance 'tb_top.dut'
   20 |        void'(__local_comparer__.compare_field("op" , op, local_rhs__.op, $bits(op), uvm_radix_enum'((UVM_ALL_ON)&(UVM_RADIX)))); 
      |                                 ^~~~~~~~~~~~~
%Warning-WIDTHEXPAND: /private/tmp/rivoryxa-uvm-execution-review/artifacts/20260915T061701.177965Z-6300fdf4/work/alu/tb/alu_pkg.sv:20:33: Operator METHODCALL 'compare_field' expects 4096 bits on the Function Argument, but Function Argument's MEMBERSEL 'op' generates 3 bits.
                                                                                                                                        : ... note: In instance 'tb_top.dut'
   20 |        void'(__local_comparer__.compare_field("op" , op, local_rhs__.op, $bits(op), uvm_radix_enum'((UVM_ALL_ON)&(UVM_RADIX)))); 
      |                                 ^~~~~~~~~~~~~
%Warning-WIDTHTRUNC: /private/tmp/rivoryxa-uvm-execution-review/artifacts/20260915T061701.177965Z-6300fdf4/work/alu/tb/alu_pkg.sv:20:8: Logical operator LOGNOT expects 1 bit on the LHS, but LHS's METHODCALL 'get_threshold' generates 32 bits.
                                                                                                                                      : ... note: In instance 'tb_top.dut'
   20 |   if ((!__local_comparer__.get_threshold() || 
      |        ^
%Warning-WIDTHTRUNC: /private/tmp/rivoryxa-uvm-execution-review/artifacts/20260915T061701.177965Z-6300fdf4/work/alu/tb/alu_pkg.sv:20:37: Logical operator LOGAND expects 1 bit on the LHS, but LHS's AND generates 28 bits.
                                                                                                                                       : ... note: In instance 'tb_top.dut'
   20 |        (((UVM_ALL_ON)&UVM_COMPARE)) &&  
      |                                     ^~
%Warning-WIDTHEXPAND: /private/tmp/rivoryxa-uvm-execution-review/artifacts/20260915T061701.177965Z-6300fdf4/work/alu/tb/alu_pkg.sv:20:23: Operator METHODCALL 'pack_field_int' expects 64 bits on the Function Argument, but Function Argument's VARREF 'op' generates 3 bits.
                                                                                                                                        : ... note: In instance 'tb_top.dut'
   20 |      __local_packer__.pack_field_int(op, $bits(op)); 
      |                       ^~~~~~~~~~~~~~
%Warning-WIDTHEXPAND: /private/tmp/rivoryxa-uvm-execution-review/artifacts/20260915T061701.177965Z-6300fdf4/work/alu/tb/alu_pkg.sv:20:23: Operator METHODCALL 'pack_field' expects 4096 bits on the Function Argument, but Function Argument's VARREF 'op' generates 3 bits.
                                                                                                                                        : ... note: In instance 'tb_top.dut'
   20 |      __local_packer__.pack_field(op, $bits(op)); 
      |                       ^~~~~~~~~~
%Warning-WIDTHTRUNC: /private/tmp/rivoryxa-uvm-execution-review/artifacts/20260915T061701.177965Z-6300fdf4/work/alu/tb/alu_pkg.sv:20:8: Operator ASSIGN expects 3 bits on the Assign RHS, but Assign RHS's METHODCALL 'unpack_field_int' generates 64 bits.
                                                                                                                                      : ... note: In instance 'tb_top.dut'
   20 |     op = __local_packer__.unpack_field_int($bits(op)); 
      |        ^
%Warning-WIDTHTRUNC: /private/tmp/rivoryxa-uvm-execution-review/artifacts/20260915T061701.177965Z-6300fdf4/work/alu/tb/alu_pkg.sv:20:8: Operator ASSIGN expects 3 bits on the Assign RHS, but Assign RHS's METHODCALL 'unpack_field' generates 4096 bits.
                                                                                                                                      : ... note: In instance 'tb_top.dut'
   20 |     op = __local_packer__.unpack_field($bits(op)); 
      |        ^
%Warning-WIDTHTRUNC: /private/tmp/rivoryxa-uvm-execution-review/artifacts/20260915T061701.177965Z-6300fdf4/work/alu/tb/alu_pkg.sv:20:36: Logical operator LOGAND expects 1 bit on the LHS, but LHS's AND generates 28 bits.
                                                                                                                                       : ... note: In instance 'tb_top.dut'
   20 |        (((UVM_ALL_ON)&UVM_UNPACK)) &&  
      |                                    ^~
%Warning-WIDTHEXPAND: /private/tmp/rivoryxa-uvm-execution-review/artifacts/20260915T061701.177965Z-6300fdf4/work/alu/tb/alu_pkg.sv:20:92: Operator AND expects 32 bits on the LHS, but LHS's VARREF 'UVM_ALL_ON' generates 28 bits.
                                                                                                                                        : ... note: In instance 'tb_top.dut'
   20 |           __local_recorder__.record_field("op", op, $bits(op), uvm_radix_enum'((UVM_ALL_ON)&(UVM_RADIX))); 
      |                                                                                            ^
%Warning-WIDTHEXPAND: /private/tmp/rivoryxa-uvm-execution-review/artifacts/20260915T061701.177965Z-6300fdf4/work/alu/tb/alu_pkg.sv:20:30: Operator METHODCALL 'record_field' expects 4096 bits on the Function Argument, but Function Argument's VARREF 'op' generates 3 bits.
                                                                                                                                        : ... note: In instance 'tb_top.dut'
   20 |           __local_recorder__.record_field("op", op, $bits(op), uvm_radix_enum'((UVM_ALL_ON)&(UVM_RADIX))); 
      |                              ^~~~~~~~~~~~
%Warning-WIDTHEXPAND: /private/tmp/rivoryxa-uvm-execution-review/artifacts/20260915T061701.177965Z-6300fdf4/work/alu/tb/alu_pkg.sv:20:96: Operator AND expects 32 bits on the LHS, but LHS's VARREF 'UVM_ALL_ON' generates 28 bits.
                                                                                                                                        : ... note: In instance 'tb_top.dut'
   20 |           __local_recorder__.record_field_int("op", op, $bits(op), uvm_radix_enum'((UVM_ALL_ON)&(UVM_RADIX))); 
      |                                                                                                ^
%Warning-WIDTHEXPAND: /private/tmp/rivoryxa-uvm-execution-review/artifacts/20260915T061701.177965Z-6300fdf4/work/alu/tb/alu_pkg.sv:20:30: Operator METHODCALL 'record_field_int' expects 64 bits on the Function Argument, but Function Argument's VARREF 'op' generates 3 bits.
                                                                                                                                        : ... note: In instance 'tb_top.dut'
   20 |           __local_recorder__.record_field_int("op", op, $bits(op), uvm_radix_enum'((UVM_ALL_ON)&(UVM_RADIX))); 
      |                              ^~~~~~~~~~~~~~~~
%Warning-WIDTHEXPAND: /private/tmp/rivoryxa-uvm-execution-review/artifacts/20260915T061701.177965Z-6300fdf4/work/alu/tb/alu_pkg.sv:20:82: Operator AND expects 32 bits on the LHS, but LHS's VARREF 'UVM_ALL_ON' generates 28 bits.
                                                                                                                                        : ... note: In instance 'tb_top.dut'
   20 |   __local_printer__.print_field("op", op, $bits(op), uvm_radix_enum'((UVM_ALL_ON)&(UVM_RADIX)), ".", "integral"); 
      |                                                                                  ^
%Warning-WIDTHEXPAND: /private/tmp/rivoryxa-uvm-execution-review/artifacts/20260915T061701.177965Z-6300fdf4/work/alu/tb/alu_pkg.sv:20:21: Operator METHODCALL 'print_field' expects 4096 bits on the Function Argument, but Function Argument's VARREF 'op' generates 3 bits.
                                                                                                                                        : ... note: In instance 'tb_top.dut'
   20 |   __local_printer__.print_field("op", op, $bits(op), uvm_radix_enum'((UVM_ALL_ON)&(UVM_RADIX)), ".", "integral"); 
      |                     ^~~~~~~~~~~
%Warning-WIDTHEXPAND: /private/tmp/rivoryxa-uvm-execution-review/artifacts/20260915T061701.177965Z-6300fdf4/work/alu/tb/alu_pkg.sv:20:86: Operator AND expects 32 bits on the LHS, but LHS's VARREF 'UVM_ALL_ON' generates 28 bits.
                                                                                                                                        : ... note: In instance 'tb_top.dut'
   20 |   __local_printer__.print_field_int("op", op, $bits(op), uvm_radix_enum'((UVM_ALL_ON)&(UVM_RADIX)), ".", "integral"); 
      |                                                                                      ^
%Warning-WIDTHEXPAND: /private/tmp/rivoryxa-uvm-execution-review/artifacts/20260915T061701.177965Z-6300fdf4/work/alu/tb/alu_pkg.sv:20:21: Operator METHODCALL 'print_field_int' expects 64 bits on the Function Argument, but Function Argument's VARREF 'op' generates 3 bits.
                                                                                                                                        : ... note: In instance 'tb_top.dut'
   20 |   __local_printer__.print_field_int("op", op, $bits(op), uvm_radix_enum'((UVM_ALL_ON)&(UVM_RADIX)), ".", "integral"); 
      |                     ^~~~~~~~~~~~~~~
%Warning-WIDTHTRUNC: /private/tmp/rivoryxa-uvm-execution-review/artifacts/20260915T061701.177965Z-6300fdf4/work/alu/tb/alu_pkg.sv:20:35: Logical operator LOGAND expects 1 bit on the LHS, but LHS's AND generates 28 bits.
                                                                                                                                       : ... note: In instance 'tb_top.dut'
   20 |        (((UVM_ALL_ON)&UVM_PRINT)) &&  
      |                                   ^~
%Warning-WIDTHTRUNC: /private/tmp/rivoryxa-uvm-execution-review/artifacts/20260915T061701.177965Z-6300fdf4/work/alu/tb/alu_pkg.sv:20:8: Operator ASSIGN expects 3 bits on the Assign RHS, but Assign RHS's METHODCALL 'read' generates 64 bits.
                                                                                                                                      : ... note: In instance 'tb_top.dut'
   20 |     op = __tmp_rsrc__.read(this);                               
      |        ^
%Warning-WIDTHTRUNC: /private/tmp/rivoryxa-uvm-execution-review/artifacts/20260915T061701.177965Z-6300fdf4/work/alu/tb/alu_pkg.sv:20:8: Operator ASSIGN expects 3 bits on the Assign RHS, but Assign RHS's METHODCALL 'read' generates 4096 bits.
                                                                                                                                      : ... note: In instance 'tb_top.dut'
   20 |     op = __tmp_rsrc__.read(this);                               
      |        ^
%Warning-WIDTHTRUNC: /private/tmp/rivoryxa-uvm-execution-review/artifacts/20260915T061701.177965Z-6300fdf4/work/alu/tb/alu_pkg.sv:20:8: Operator ASSIGN expects 3 bits on the Assign RHS, but Assign RHS's METHODCALL 'read' generates 32 bits.
                                                                                                                                      : ... note: In instance 'tb_top.dut'
   20 |     op = __tmp_rsrc__.read(this);                               
      |        ^
%Warning-WIDTHTRUNC: /private/tmp/rivoryxa-uvm-execution-review/artifacts/20260915T061701.177965Z-6300fdf4/work/alu/tb/alu_pkg.sv:20:33: Logical operator LOGAND expects 1 bit on the LHS, but LHS's AND generates 28 bits.
                                                                                                                                       : ... note: In instance 'tb_top.dut'
   20 |        (((UVM_ALL_ON)&UVM_SET)) &&  
      |                                 ^~
%Warning-WIDTHTRUNC: /private/tmp/rivoryxa-uvm-execution-review/artifacts/20260915T061701.177965Z-6300fdf4/work/alu/tb/alu_pkg.sv:21:42: Logical operator LOGNOT expects 1 bit on the LHS, but LHS's AND generates 28 bits.
                                                                                                                                       : ... note: In instance 'tb_top.dut'
   21 |     if (!dont_warn_if_no_positive_ops && !((UVM_ALL_ON)&UVM_FLAGS_ON) && ((UVM_ALL_ON)&(~(UVM_COPY|UVM_COMPARE|UVM_PRINT|UVM_RECORD|UVM_PACK|UVM_UNPACK)))) begin 
      |                                          ^
%Warning-WIDTHTRUNC: /private/tmp/rivoryxa-uvm-execution-review/artifacts/20260915T061701.177965Z-6300fdf4/work/alu/tb/alu_pkg.sv:21:71: Logical operator LOGAND expects 1 bit on the RHS, but RHS's AND generates 28 bits.
                                                                                                                                       : ... note: In instance 'tb_top.dut'
   21 |     if (!dont_warn_if_no_positive_ops && !((UVM_ALL_ON)&UVM_FLAGS_ON) && ((UVM_ALL_ON)&(~(UVM_COPY|UVM_COMPARE|UVM_PRINT|UVM_RECORD|UVM_PACK|UVM_UNPACK)))) begin 
      |                                                                       ^~
%Warning-WIDTHTRUNC: /private/tmp/rivoryxa-uvm-execution-review/artifacts/20260915T061701.177965Z-6300fdf4/work/alu/tb/alu_pkg.sv:21:39: Logical operator LOGAND expects 1 bit on the LHS, but LHS's AND generates 28 bits.
                                                                                                                                       : ... note: In instance 'tb_top.dut'
   21 |              (((UVM_ALL_ON)&UVM_SET)) &&  
      |                                       ^~
%Warning-WIDTHTRUNC: /private/tmp/rivoryxa-uvm-execution-review/artifacts/20260915T061701.177965Z-6300fdf4/work/alu/tb/alu_pkg.sv:21:13: Logical operator LOGNOT expects 1 bit on the LHS, but LHS's AND generates 28 bits.
                                                                                                                                       : ... note: In instance 'tb_top.dut'
   21 |            (!((UVM_ALL_ON)&UVM_NOSET)) 
      |             ^
%Warning-WIDTHTRUNC: /private/tmp/rivoryxa-uvm-execution-review/artifacts/20260915T061701.177965Z-6300fdf4/work/alu/tb/alu_pkg.sv:21:34: Logical operator LOGAND expects 1 bit on the LHS, but LHS's AND generates 28 bits.
                                                                                                                                       : ... note: In instance 'tb_top.dut'
   21 |        (((UVM_ALL_ON)&UVM_COPY)) &&  
      |                                  ^~
%Warning-WIDTHTRUNC: /private/tmp/rivoryxa-uvm-execution-review/artifacts/20260915T061701.177965Z-6300fdf4/work/alu/tb/alu_pkg.sv:21:7: Logical operator LOGNOT expects 1 bit on the LHS, but LHS's AND generates 28 bits.
                                                                                                                                      : ... note: In instance 'tb_top.dut'
   21 |      (!((UVM_ALL_ON)&UVM_NOCOPY)) 
      |       ^
%Warning-WIDTHEXPAND: /private/tmp/rivoryxa-uvm-execution-review/artifacts/20260915T061701.177965Z-6300fdf4/work/alu/tb/alu_pkg.sv:21:133: Operator AND expects 32 bits on the LHS, but LHS's VARREF 'UVM_ALL_ON' generates 28 bits.
                                                                                                                                         : ... note: In instance 'tb_top.dut'
   21 |        void'(__local_comparer__.compare_field_int("result" , result, local_rhs__.result, $bits(result), uvm_radix_enum'((UVM_ALL_ON)&(UVM_RADIX)))); 
      |                                                                                                                                     ^
%Warning-WIDTHEXPAND: /private/tmp/rivoryxa-uvm-execution-review/artifacts/20260915T061701.177965Z-6300fdf4/work/alu/tb/alu_pkg.sv:21:33: Operator METHODCALL 'compare_field_int' expects 64 bits on the Function Argument, but Function Argument's VARREF 'result' generates 32 bits.
                                                                                                                                        : ... note: In instance 'tb_top.dut'
   21 |        void'(__local_comparer__.compare_field_int("result" , result, local_rhs__.result, $bits(result), uvm_radix_enum'((UVM_ALL_ON)&(UVM_RADIX)))); 
      |                                 ^~~~~~~~~~~~~~~~~
%Warning-WIDTHEXPAND: /private/tmp/rivoryxa-uvm-execution-review/artifacts/20260915T061701.177965Z-6300fdf4/work/alu/tb/alu_pkg.sv:21:33: Operator METHODCALL 'compare_field_int' expects 64 bits on the Function Argument, but Function Argument's MEMBERSEL 'result' generates 32 bits.
                                                                                                                                        : ... note: In instance 'tb_top.dut'
   21 |        void'(__local_comparer__.compare_field_int("result" , result, local_rhs__.result, $bits(result), uvm_radix_enum'((UVM_ALL_ON)&(UVM_RADIX)))); 
      |                                 ^~~~~~~~~~~~~~~~~
%Warning-WIDTHEXPAND: /private/tmp/rivoryxa-uvm-execution-review/artifacts/20260915T061701.177965Z-6300fdf4/work/alu/tb/alu_pkg.sv:21:129: Operator AND expects 32 bits on the LHS, but LHS's VARREF 'UVM_ALL_ON' generates 28 bits.
                                                                                                                                         : ... note: In instance 'tb_top.dut'
   21 |        void'(__local_comparer__.compare_field("result" , result, local_rhs__.result, $bits(result), uvm_radix_enum'((UVM_ALL_ON)&(UVM_RADIX)))); 
      |                                                                                                                                 ^
%Warning-WIDTHEXPAND: /private/tmp/rivoryxa-uvm-execution-review/artifacts/20260915T061701.177965Z-6300fdf4/work/alu/tb/alu_pkg.sv:21:33: Operator METHODCALL 'compare_field' expects 4096 bits on the Function Argument, but Function Argument's VARREF 'result' generates 32 bits.
                                                                                                                                        : ... note: In instance 'tb_top.dut'
   21 |        void'(__local_comparer__.compare_field("result" , result, local_rhs__.result, $bits(result), uvm_radix_enum'((UVM_ALL_ON)&(UVM_RADIX)))); 
      |                                 ^~~~~~~~~~~~~
%Warning-WIDTHEXPAND: /private/tmp/rivoryxa-uvm-execution-review/artifacts/20260915T061701.177965Z-6300fdf4/work/alu/tb/alu_pkg.sv:21:33: Operator METHODCALL 'compare_field' expects 4096 bits on the Function Argument, but Function Argument's MEMBERSEL 'result' generates 32 bits.
                                                                                                                                        : ... note: In instance 'tb_top.dut'
   21 |        void'(__local_comparer__.compare_field("result" , result, local_rhs__.result, $bits(result), uvm_radix_enum'((UVM_ALL_ON)&(UVM_RADIX)))); 
      |                                 ^~~~~~~~~~~~~
%Warning-WIDTHTRUNC: /private/tmp/rivoryxa-uvm-execution-review/artifacts/20260915T061701.177965Z-6300fdf4/work/alu/tb/alu_pkg.sv:21:8: Logical operator LOGNOT expects 1 bit on the LHS, but LHS's METHODCALL 'get_threshold' generates 32 bits.
                                                                                                                                      : ... note: In instance 'tb_top.dut'
   21 |   if ((!__local_comparer__.get_threshold() || 
      |        ^
%Warning-WIDTHTRUNC: /private/tmp/rivoryxa-uvm-execution-review/artifacts/20260915T061701.177965Z-6300fdf4/work/alu/tb/alu_pkg.sv:21:37: Logical operator LOGAND expects 1 bit on the LHS, but LHS's AND generates 28 bits.
                                                                                                                                       : ... note: In instance 'tb_top.dut'
   21 |        (((UVM_ALL_ON)&UVM_COMPARE)) &&  
      |                                     ^~
%Warning-WIDTHEXPAND: /private/tmp/rivoryxa-uvm-execution-review/artifacts/20260915T061701.177965Z-6300fdf4/work/alu/tb/alu_pkg.sv:21:23: Operator METHODCALL 'pack_field_int' expects 64 bits on the Function Argument, but Function Argument's VARREF 'result' generates 32 bits.
                                                                                                                                        : ... note: In instance 'tb_top.dut'
   21 |      __local_packer__.pack_field_int(result, $bits(result)); 
      |                       ^~~~~~~~~~~~~~
%Warning-WIDTHEXPAND: /private/tmp/rivoryxa-uvm-execution-review/artifacts/20260915T061701.177965Z-6300fdf4/work/alu/tb/alu_pkg.sv:21:23: Operator METHODCALL 'pack_field' expects 4096 bits on the Function Argument, but Function Argument's VARREF 'result' generates 32 bits.
                                                                                                                                        : ... note: In instance 'tb_top.dut'
   21 |      __local_packer__.pack_field(result, $bits(result)); 
      |                       ^~~~~~~~~~
%Warning-WIDTHTRUNC: /private/tmp/rivoryxa-uvm-execution-review/artifacts/20260915T061701.177965Z-6300fdf4/work/alu/tb/alu_pkg.sv:21:12: Operator ASSIGN expects 32 bits on the Assign RHS, but Assign RHS's METHODCALL 'unpack_field_int' generates 64 bits.
                                                                                                                                       : ... note: In instance 'tb_top.dut'
   21 |     result = __local_packer__.unpack_field_int($bits(result)); 
      |            ^
%Warning-WIDTHTRUNC: /private/tmp/rivoryxa-uvm-execution-review/artifacts/20260915T061701.177965Z-6300fdf4/work/alu/tb/alu_pkg.sv:21:12: Operator ASSIGN expects 32 bits on the Assign RHS, but Assign RHS's METHODCALL 'unpack_field' generates 4096 bits.
                                                                                                                                       : ... note: In instance 'tb_top.dut'
   21 |     result = __local_packer__.unpack_field($bits(result)); 
      |            ^
%Warning-WIDTHTRUNC: /private/tmp/rivoryxa-uvm-execution-review/artifacts/20260915T061701.177965Z-6300fdf4/work/alu/tb/alu_pkg.sv:21:36: Logical operator LOGAND expects 1 bit on the LHS, but LHS's AND generates 28 bits.
                                                                                                                                       : ... note: In instance 'tb_top.dut'
   21 |        (((UVM_ALL_ON)&UVM_UNPACK)) &&  
      |                                    ^~
%Warning-WIDTHEXPAND: /private/tmp/rivoryxa-uvm-execution-review/artifacts/20260915T061701.177965Z-6300fdf4/work/alu/tb/alu_pkg.sv:21:104: Operator AND expects 32 bits on the LHS, but LHS's VARREF 'UVM_ALL_ON' generates 28 bits.
                                                                                                                                         : ... note: In instance 'tb_top.dut'
   21 |           __local_recorder__.record_field("result", result, $bits(result), uvm_radix_enum'((UVM_ALL_ON)&(UVM_RADIX))); 
      |                                                                                                        ^
%Warning-WIDTHEXPAND: /private/tmp/rivoryxa-uvm-execution-review/artifacts/20260915T061701.177965Z-6300fdf4/work/alu/tb/alu_pkg.sv:21:30: Operator METHODCALL 'record_field' expects 4096 bits on the Function Argument, but Function Argument's VARREF 'result' generates 32 bits.
                                                                                                                                        : ... note: In instance 'tb_top.dut'
   21 |           __local_recorder__.record_field("result", result, $bits(result), uvm_radix_enum'((UVM_ALL_ON)&(UVM_RADIX))); 
      |                              ^~~~~~~~~~~~
%Warning-WIDTHEXPAND: /private/tmp/rivoryxa-uvm-execution-review/artifacts/20260915T061701.177965Z-6300fdf4/work/alu/tb/alu_pkg.sv:21:108: Operator AND expects 32 bits on the LHS, but LHS's VARREF 'UVM_ALL_ON' generates 28 bits.
                                                                                                                                         : ... note: In instance 'tb_top.dut'
   21 |           __local_recorder__.record_field_int("result", result, $bits(result), uvm_radix_enum'((UVM_ALL_ON)&(UVM_RADIX))); 
      |                                                                                                            ^
%Warning-WIDTHEXPAND: /private/tmp/rivoryxa-uvm-execution-review/artifacts/20260915T061701.177965Z-6300fdf4/work/alu/tb/alu_pkg.sv:21:30: Operator METHODCALL 'record_field_int' expects 64 bits on the Function Argument, but Function Argument's VARREF 'result' generates 32 bits.
                                                                                                                                        : ... note: In instance 'tb_top.dut'
   21 |           __local_recorder__.record_field_int("result", result, $bits(result), uvm_radix_enum'((UVM_ALL_ON)&(UVM_RADIX))); 
      |                              ^~~~~~~~~~~~~~~~
%Warning-WIDTHEXPAND: /private/tmp/rivoryxa-uvm-execution-review/artifacts/20260915T061701.177965Z-6300fdf4/work/alu/tb/alu_pkg.sv:21:94: Operator AND expects 32 bits on the LHS, but LHS's VARREF 'UVM_ALL_ON' generates 28 bits.
                                                                                                                                        : ... note: In instance 'tb_top.dut'
   21 |   __local_printer__.print_field("result", result, $bits(result), uvm_radix_enum'((UVM_ALL_ON)&(UVM_RADIX)), ".", "integral"); 
      |                                                                                              ^
%Warning-WIDTHEXPAND: /private/tmp/rivoryxa-uvm-execution-review/artifacts/20260915T061701.177965Z-6300fdf4/work/alu/tb/alu_pkg.sv:21:21: Operator METHODCALL 'print_field' expects 4096 bits on the Function Argument, but Function Argument's VARREF 'result' generates 32 bits.
                                                                                                                                        : ... note: In instance 'tb_top.dut'
   21 |   __local_printer__.print_field("result", result, $bits(result), uvm_radix_enum'((UVM_ALL_ON)&(UVM_RADIX)), ".", "integral"); 
      |                     ^~~~~~~~~~~
%Warning-WIDTHEXPAND: /private/tmp/rivoryxa-uvm-execution-review/artifacts/20260915T061701.177965Z-6300fdf4/work/alu/tb/alu_pkg.sv:21:98: Operator AND expects 32 bits on the LHS, but LHS's VARREF 'UVM_ALL_ON' generates 28 bits.
                                                                                                                                        : ... note: In instance 'tb_top.dut'
   21 |   __local_printer__.print_field_int("result", result, $bits(result), uvm_radix_enum'((UVM_ALL_ON)&(UVM_RADIX)), ".", "integral"); 
      |                                                                                                  ^
%Warning-WIDTHEXPAND: /private/tmp/rivoryxa-uvm-execution-review/artifacts/20260915T061701.177965Z-6300fdf4/work/alu/tb/alu_pkg.sv:21:21: Operator METHODCALL 'print_field_int' expects 64 bits on the Function Argument, but Function Argument's VARREF 'result' generates 32 bits.
                                                                                                                                        : ... note: In instance 'tb_top.dut'
   21 |   __local_printer__.print_field_int("result", result, $bits(result), uvm_radix_enum'((UVM_ALL_ON)&(UVM_RADIX)), ".", "integral"); 
      |                     ^~~~~~~~~~~~~~~
%Warning-WIDTHTRUNC: /private/tmp/rivoryxa-uvm-execution-review/artifacts/20260915T061701.177965Z-6300fdf4/work/alu/tb/alu_pkg.sv:21:35: Logical operator LOGAND expects 1 bit on the LHS, but LHS's AND generates 28 bits.
                                                                                                                                       : ... note: In instance 'tb_top.dut'
   21 |        (((UVM_ALL_ON)&UVM_PRINT)) &&  
      |                                   ^~
%Warning-WIDTHTRUNC: /private/tmp/rivoryxa-uvm-execution-review/artifacts/20260915T061701.177965Z-6300fdf4/work/alu/tb/alu_pkg.sv:21:12: Operator ASSIGN expects 32 bits on the Assign RHS, but Assign RHS's METHODCALL 'read' generates 64 bits.
                                                                                                                                       : ... note: In instance 'tb_top.dut'
   21 |     result = __tmp_rsrc__.read(this);                               
      |            ^
%Warning-WIDTHTRUNC: /private/tmp/rivoryxa-uvm-execution-review/artifacts/20260915T061701.177965Z-6300fdf4/work/alu/tb/alu_pkg.sv:21:12: Operator ASSIGN expects 32 bits on the Assign RHS, but Assign RHS's METHODCALL 'read' generates 4096 bits.
                                                                                                                                       : ... note: In instance 'tb_top.dut'
   21 |     result = __tmp_rsrc__.read(this);                               
      |            ^
%Warning-WIDTHTRUNC: /private/tmp/rivoryxa-uvm-execution-review/artifacts/20260915T061701.177965Z-6300fdf4/work/alu/tb/alu_pkg.sv:21:33: Logical operator LOGAND expects 1 bit on the LHS, but LHS's AND generates 28 bits.
                                                                                                                                       : ... note: In instance 'tb_top.dut'
   21 |        (((UVM_ALL_ON)&UVM_SET)) &&  
      |                                 ^~
%Warning-WIDTHTRUNC: /private/tmp/rivoryxa-uvm-execution-review/artifacts/20260915T061701.177965Z-6300fdf4/work/alu/tb/alu_pkg.sv:42:13: Logical operator LOGNOT expects 1 bit on the LHS, but LHS's METHODCALL 'randomize' generates 32 bits.
                                                                                                                                       : ... note: In instance 'tb_top.dut'
   42 |         if (!tr.randomize())
      |             ^
%Warning-COVERIGN: /private/tmp/rivoryxa-uvm-execution-review/artifacts/20260915T061701.177965Z-6300fdf4/work/alu/tb/alu_pkg.sv:193:18: Unsupported: 'covergroup' coverpoint referencing enclosing class member; ignoring covergroup '__vlAnonCG_cg'
                                                                                                                                      : ... note: In instance 'tb_top.dut'
  193 |       coverpoint item.op { bins ops[] = {[0:7]}; }
      |                  ^~~~
                   ... For warning description see https://verilator.org/warn/COVERIGN?v=5.050
                   ... Use "/* verilator lint_off COVERIGN */" and lint_on around source to disable this message.
c++ -Os  -I.  -MMD -I/opt/homebrew/Cellar/verilator/5.050/share/verilator/include -I/opt/homebrew/Cellar/verilator/5.050/share/verilator/include/vltstd -DVERILATOR=1 -DVM_COVERAGE=0 -DVM_SC=0 -DVM_TIMING=1 -DVM_TRACE=0 -DVM_TRACE_FST=0 -DVM_TRACE_VCD=0 -DVM_TRACE_SAIF=0 -DVM_VPI=0 -faligned-new -fbracket-depth=4096 -fcf-protection=none -Xclang -fno-pch-timestamp -Qunused-arguments -Wno-bool-operation -Wno-c++11-narrowing -Wno-constant-logical-operand -Wno-int-in-bool-context -Wno-non-pod-varargs -Wno-parentheses-equality -Wno-shadow -Wno-sign-compare -Wno-tautological-bitwise-compare -Wno-tautological-compare -Wno-uninitialized -Wno-unnecessary-virtual-specifier -Wno-unused-but-set-parameter -Wno-unused-but-set-variable -Wno-unused-parameter -Wno-unused-variable -Wno-vla-cxx-extension    -DVL_TIME_CONTEXT   -std=gnu++20 -c -o verilated.o /opt/homebrew/Cellar/verilator/5.050/share/verilator/include/verilated.cpp
c++ -Os  -I.  -MMD -I/opt/homebrew/Cellar/verilator/5.050/share/verilator/include -I/opt/homebrew/Cellar/verilator/5.050/share/verilator/include/vltstd -DVERILATOR=1 -DVM_COVERAGE=0 -DVM_SC=0 -DVM_TIMING=1 -DVM_TRACE=0 -DVM_TRACE_FST=0 -DVM_TRACE_VCD=0 -DVM_TRACE_SAIF=0 -DVM_VPI=0 -faligned-new -fbracket-depth=4096 -fcf-protection=none -Xclang -fno-pch-timestamp -Qunused-arguments -Wno-bool-operation -Wno-c++11-narrowing -Wno-constant-logical-operand -Wno-int-in-bool-context -Wno-non-pod-varargs -Wno-parentheses-equality -Wno-shadow -Wno-sign-compare -Wno-tautological-bitwise-compare -Wno-tautological-compare -Wno-uninitialized -Wno-unnecessary-virtual-specifier -Wno-unused-but-set-parameter -Wno-unused-but-set-variable -Wno-unused-parameter -Wno-unused-variable -Wno-vla-cxx-extension    -DVL_TIME_CONTEXT   -std=gnu++20 -c -o verilated_dpi.o /opt/homebrew/Cellar/verilator/5.050/share/verilator/include/verilated_dpi.cpp
c++ -Os  -I.  -MMD -I/opt/homebrew/Cellar/verilator/5.050/share/verilator/include -I/opt/homebrew/Cellar/verilator/5.050/share/verilator/include/vltstd -DVERILATOR=1 -DVM_COVERAGE=0 -DVM_SC=0 -DVM_TIMING=1 -DVM_TRACE=0 -DVM_TRACE_FST=0 -DVM_TRACE_VCD=0 -DVM_TRACE_SAIF=0 -DVM_VPI=0 -faligned-new -fbracket-depth=4096 -fcf-protection=none -Xclang -fno-pch-timestamp -Qunused-arguments -Wno-bool-operation -Wno-c++11-narrowing -Wno-constant-logical-operand -Wno-int-in-bool-context -Wno-non-pod-varargs -Wno-parentheses-equality -Wno-shadow -Wno-sign-compare -Wno-tautological-bitwise-compare -Wno-tautological-compare -Wno-uninitialized -Wno-unnecessary-virtual-specifier -Wno-unused-but-set-parameter -Wno-unused-but-set-variable -Wno-unused-parameter -Wno-unused-variable -Wno-vla-cxx-extension    -DVL_TIME_CONTEXT   -std=gnu++20 -c -o verilated_covergroup.o /opt/homebrew/Cellar/verilator/5.050/share/verilator/include/verilated_covergroup.cpp
c++ -Os  -I.  -MMD -I/opt/homebrew/Cellar/verilator/5.050/share/verilator/include -I/opt/homebrew/Cellar/verilator/5.050/share/verilator/include/vltstd -DVERILATOR=1 -DVM_COVERAGE=0 -DVM_SC=0 -DVM_TIMING=1 -DVM_TRACE=0 -DVM_TRACE_FST=0 -DVM_TRACE_VCD=0 -DVM_TRACE_SAIF=0 -DVM_VPI=0 -faligned-new -fbracket-depth=4096 -fcf-protection=none -Xclang -fno-pch-timestamp -Qunused-arguments -Wno-bool-operation -Wno-c++11-narrowing -Wno-constant-logical-operand -Wno-int-in-bool-context -Wno-non-pod-varargs -Wno-parentheses-equality -Wno-shadow -Wno-sign-compare -Wno-tautological-bitwise-compare -Wno-tautological-compare -Wno-uninitialized -Wno-unnecessary-virtual-specifier -Wno-unused-but-set-parameter -Wno-unused-but-set-variable -Wno-unused-parameter -Wno-unused-variable -Wno-vla-cxx-extension    -DVL_TIME_CONTEXT   -std=gnu++20 -c -o verilated_timing.o /opt/homebrew/Cellar/verilator/5.050/share/verilator/include/verilated_timing.cpp
c++ -Os  -I.  -MMD -I/opt/homebrew/Cellar/verilator/5.050/share/verilator/include -I/opt/homebrew/Cellar/verilator/5.050/share/verilator/include/vltstd -DVERILATOR=1 -DVM_COVERAGE=0 -DVM_SC=0 -DVM_TIMING=1 -DVM_TRACE=0 -DVM_TRACE_FST=0 -DVM_TRACE_VCD=0 -DVM_TRACE_SAIF=0 -DVM_VPI=0 -faligned-new -fbracket-depth=4096 -fcf-protection=none -Xclang -fno-pch-timestamp -Qunused-arguments -Wno-bool-operation -Wno-c++11-narrowing -Wno-constant-logical-operand -Wno-int-in-bool-context -Wno-non-pod-varargs -Wno-parentheses-equality -Wno-shadow -Wno-sign-compare -Wno-tautological-bitwise-compare -Wno-tautological-compare -Wno-uninitialized -Wno-unnecessary-virtual-specifier -Wno-unused-but-set-parameter -Wno-unused-but-set-variable -Wno-unused-parameter -Wno-unused-variable -Wno-vla-cxx-extension    -DVL_TIME_CONTEXT   -std=gnu++20 -c -o verilated_random.o /opt/homebrew/Cellar/verilator/5.050/share/verilator/include/verilated_random.cpp
c++ -Os  -I.  -MMD -I/opt/homebrew/Cellar/verilator/5.050/share/verilator/include -I/opt/homebrew/Cellar/verilator/5.050/share/verilator/include/vltstd -DVERILATOR=1 -DVM_COVERAGE=0 -DVM_SC=0 -DVM_TIMING=1 -DVM_TRACE=0 -DVM_TRACE_FST=0 -DVM_TRACE_VCD=0 -DVM_TRACE_SAIF=0 -DVM_VPI=0 -faligned-new -fbracket-depth=4096 -fcf-protection=none -Xclang -fno-pch-timestamp -Qunused-arguments -Wno-bool-operation -Wno-c++11-narrowing -Wno-constant-logical-operand -Wno-int-in-bool-context -Wno-non-pod-varargs -Wno-parentheses-equality -Wno-shadow -Wno-sign-compare -Wno-tautological-bitwise-compare -Wno-tautological-compare -Wno-uninitialized -Wno-unnecessary-virtual-specifier -Wno-unused-but-set-parameter -Wno-unused-but-set-variable -Wno-unused-parameter -Wno-unused-variable -Wno-vla-cxx-extension    -DVL_TIME_CONTEXT   -std=gnu++20 -c -o verilated_threads.o /opt/homebrew/Cellar/verilator/5.050/share/verilator/include/verilated_threads.cpp
/opt/homebrew/Cellar/verilator/5.050/share/verilator/include/verilated_random.cpp:499:17: warning: 'sprintf' is deprecated: This function is provided for compatibility reasons only.  Due to security concerns inherent in the design of sprintf(3), it is highly recommended that you use snprintf(3) instead. [-Wdeprecated-declarations]
  499 |                 sprintf(hexIdx, "#x%08x", i);
      |                 ^
/Library/Developer/CommandLineTools/SDKs/MacOSX.sdk/usr/include/_stdio.h:278:1: note: 'sprintf' has been explicitly marked deprecated here
  278 | __deprecated_msg("This function is provided for compatibility reasons only.  Due to security concerns inherent in the design of sprintf(3), it is highly recommended that you use snprintf(3) instead.")
      | ^
/Library/Developer/CommandLineTools/SDKs/MacOSX.sdk/usr/include/sys/cdefs.h:227:48: note: expanded from macro '__deprecated_msg'
  227 |         #define __deprecated_msg(_msg) __attribute__((__deprecated__(_msg)))
      |                                                       ^
c++ -Os  -I.  -MMD -I/opt/homebrew/Cellar/verilator/5.050/share/verilator/include -I/opt/homebrew/Cellar/verilator/5.050/share/verilator/include/vltstd -DVERILATOR=1 -DVM_COVERAGE=0 -DVM_SC=0 -DVM_TIMING=1 -DVM_TRACE=0 -DVM_TRACE_FST=0 -DVM_TRACE_VCD=0 -DVM_TRACE_SAIF=0 -DVM_VPI=0 -faligned-new -fbracket-depth=4096 -fcf-protection=none -Xclang -fno-pch-timestamp -Qunused-arguments -Wno-bool-operation -Wno-c++11-narrowing -Wno-constant-logical-operand -Wno-int-in-bool-context -Wno-non-pod-varargs -Wno-parentheses-equality -Wno-shadow -Wno-sign-compare -Wno-tautological-bitwise-compare -Wno-tautological-compare -Wno-uninitialized -Wno-unnecessary-virtual-specifier -Wno-unused-but-set-parameter -Wno-unused-but-set-variable -Wno-unused-parameter -Wno-unused-variable -Wno-vla-cxx-extension    -DVL_TIME_CONTEXT   -std=gnu++20 -x c++-header Vtb_top__pch.h -o Vtb_top__pch.h.fast.gch
1 warning generated.
c++   -I.  -MMD -I/opt/homebrew/Cellar/verilator/5.050/share/verilator/include -I/opt/homebrew/Cellar/verilator/5.050/share/verilator/include/vltstd -DVERILATOR=1 -DVM_COVERAGE=0 -DVM_SC=0 -DVM_TIMING=1 -DVM_TRACE=0 -DVM_TRACE_FST=0 -DVM_TRACE_VCD=0 -DVM_TRACE_SAIF=0 -DVM_VPI=0 -faligned-new -fbracket-depth=4096 -fcf-protection=none -Xclang -fno-pch-timestamp -Qunused-arguments -Wno-bool-operation -Wno-c++11-narrowing -Wno-constant-logical-operand -Wno-int-in-bool-context -Wno-non-pod-varargs -Wno-parentheses-equality -Wno-shadow -Wno-sign-compare -Wno-tautological-bitwise-compare -Wno-tautological-compare -Wno-uninitialized -Wno-unnecessary-virtual-specifier -Wno-unused-but-set-parameter -Wno-unused-but-set-variable -Wno-unused-parameter -Wno-unused-variable -Wno-vla-cxx-extension    -DVL_TIME_CONTEXT   -std=gnu++20 -x c++-header Vtb_top__pch.h -o Vtb_top__pch.h.slow.gch
c++ -Os  -I.  -MMD -I/opt/homebrew/Cellar/verilator/5.050/share/verilator/include -I/opt/homebrew/Cellar/verilator/5.050/share/verilator/include/vltstd -DVERILATOR=1 -DVM_COVERAGE=0 -DVM_SC=0 -DVM_TIMING=1 -DVM_TRACE=0 -DVM_TRACE_FST=0 -DVM_TRACE_VCD=0 -DVM_TRACE_SAIF=0 -DVM_VPI=0 -faligned-new -fbracket-depth=4096 -fcf-protection=none -Xclang -fno-pch-timestamp -Qunused-arguments -Wno-bool-operation -Wno-c++11-narrowing -Wno-constant-logical-operand -Wno-int-in-bool-context -Wno-non-pod-varargs -Wno-parentheses-equality -Wno-shadow -Wno-sign-compare -Wno-tautological-bitwise-compare -Wno-tautological-compare -Wno-uninitialized -Wno-unnecessary-virtual-specifier -Wno-unused-but-set-parameter -Wno-unused-but-set-variable -Wno-unused-parameter -Wno-unused-variable -Wno-vla-cxx-extension    -DVL_TIME_CONTEXT   -std=gnu++20 -include-pch Vtb_top__pch.h.fast.gch -c Vtb_top_vm_classes_0.cpp
c++ -Os  -I.  -MMD -I/opt/homebrew/Cellar/verilator/5.050/share/verilator/include -I/opt/homebrew/Cellar/verilator/5.050/share/verilator/include/vltstd -DVERILATOR=1 -DVM_COVERAGE=0 -DVM_SC=0 -DVM_TIMING=1 -DVM_TRACE=0 -DVM_TRACE_FST=0 -DVM_TRACE_VCD=0 -DVM_TRACE_SAIF=0 -DVM_VPI=0 -faligned-new -fbracket-depth=4096 -fcf-protection=none -Xclang -fno-pch-timestamp -Qunused-arguments -Wno-bool-operation -Wno-c++11-narrowing -Wno-constant-logical-operand -Wno-int-in-bool-context -Wno-non-pod-varargs -Wno-parentheses-equality -Wno-shadow -Wno-sign-compare -Wno-tautological-bitwise-compare -Wno-tautological-compare -Wno-uninitialized -Wno-unnecessary-virtual-specifier -Wno-unused-but-set-parameter -Wno-unused-but-set-variable -Wno-unused-parameter -Wno-unused-variable -Wno-vla-cxx-extension    -DVL_TIME_CONTEXT   -std=gnu++20 -include-pch Vtb_top__pch.h.fast.gch -c Vtb_top_vm_classes_1.cpp
c++ -Os  -I.  -MMD -I/opt/homebrew/Cellar/verilator/5.050/share/verilator/include -I/opt/homebrew/Cellar/verilator/5.050/share/verilator/include/vltstd -DVERILATOR=1 -DVM_COVERAGE=0 -DVM_SC=0 -DVM_TIMING=1 -DVM_TRACE=0 -DVM_TRACE_FST=0 -DVM_TRACE_VCD=0 -DVM_TRACE_SAIF=0 -DVM_VPI=0 -faligned-new -fbracket-depth=4096 -fcf-protection=none -Xclang -fno-pch-timestamp -Qunused-arguments -Wno-bool-operation -Wno-c++11-narrowing -Wno-constant-logical-operand -Wno-int-in-bool-context -Wno-non-pod-varargs -Wno-parentheses-equality -Wno-shadow -Wno-sign-compare -Wno-tautological-bitwise-compare -Wno-tautological-compare -Wno-uninitialized -Wno-unnecessary-virtual-specifier -Wno-unused-but-set-parameter -Wno-unused-but-set-variable -Wno-unused-parameter -Wno-unused-variable -Wno-vla-cxx-extension    -DVL_TIME_CONTEXT   -std=gnu++20 -include-pch Vtb_top__pch.h.fast.gch -c Vtb_top__Dpi.cpp
c++   -I.  -MMD -I/opt/homebrew/Cellar/verilator/5.050/share/verilator/include -I/opt/homebrew/Cellar/verilator/5.050/share/verilator/include/vltstd -DVERILATOR=1 -DVM_COVERAGE=0 -DVM_SC=0 -DVM_TIMING=1 -DVM_TRACE=0 -DVM_TRACE_FST=0 -DVM_TRACE_VCD=0 -DVM_TRACE_SAIF=0 -DVM_VPI=0 -faligned-new -fbracket-depth=4096 -fcf-protection=none -Xclang -fno-pch-timestamp -Qunused-arguments -Wno-bool-operation -Wno-c++11-narrowing -Wno-constant-logical-operand -Wno-int-in-bool-context -Wno-non-pod-varargs -Wno-parentheses-equality -Wno-shadow -Wno-sign-compare -Wno-tautological-bitwise-compare -Wno-tautological-compare -Wno-uninitialized -Wno-unnecessary-virtual-specifier -Wno-unused-but-set-parameter -Wno-unused-but-set-variable -Wno-unused-parameter -Wno-unused-variable -Wno-vla-cxx-extension    -DVL_TIME_CONTEXT   -std=gnu++20 -include-pch Vtb_top__pch.h.slow.gch -c Vtb_top_vm_classes_Slow_0.cpp
c++   -I.  -MMD -I/opt/homebrew/Cellar/verilator/5.050/share/verilator/include -I/opt/homebrew/Cellar/verilator/5.050/share/verilator/include/vltstd -DVERILATOR=1 -DVM_COVERAGE=0 -DVM_SC=0 -DVM_TIMING=1 -DVM_TRACE=0 -DVM_TRACE_FST=0 -DVM_TRACE_VCD=0 -DVM_TRACE_SAIF=0 -DVM_VPI=0 -faligned-new -fbracket-depth=4096 -fcf-protection=none -Xclang -fno-pch-timestamp -Qunused-arguments -Wno-bool-operation -Wno-c++11-narrowing -Wno-constant-logical-operand -Wno-int-in-bool-context -Wno-non-pod-varargs -Wno-parentheses-equality -Wno-shadow -Wno-sign-compare -Wno-tautological-bitwise-compare -Wno-tautological-compare -Wno-uninitialized -Wno-unnecessary-virtual-specifier -Wno-unused-but-set-parameter -Wno-unused-but-set-variable -Wno-unused-parameter -Wno-unused-variable -Wno-vla-cxx-extension    -DVL_TIME_CONTEXT   -std=gnu++20 -include-pch Vtb_top__pch.h.slow.gch -c Vtb_top_vm_classes_Slow_1.cpp
c++   -I.  -MMD -I/opt/homebrew/Cellar/verilator/5.050/share/verilator/include -I/opt/homebrew/Cellar/verilator/5.050/share/verilator/include/vltstd -DVERILATOR=1 -DVM_COVERAGE=0 -DVM_SC=0 -DVM_TIMING=1 -DVM_TRACE=0 -DVM_TRACE_FST=0 -DVM_TRACE_VCD=0 -DVM_TRACE_SAIF=0 -DVM_VPI=0 -faligned-new -fbracket-depth=4096 -fcf-protection=none -Xclang -fno-pch-timestamp -Qunused-arguments -Wno-bool-operation -Wno-c++11-narrowing -Wno-constant-logical-operand -Wno-int-in-bool-context -Wno-non-pod-varargs -Wno-parentheses-equality -Wno-shadow -Wno-sign-compare -Wno-tautological-bitwise-compare -Wno-tautological-compare -Wno-uninitialized -Wno-unnecessary-virtual-specifier -Wno-unused-but-set-parameter -Wno-unused-but-set-variable -Wno-unused-parameter -Wno-unused-variable -Wno-vla-cxx-extension    -DVL_TIME_CONTEXT   -std=gnu++20 -include-pch Vtb_top__pch.h.slow.gch -c Vtb_top__Syms__Slow.cpp
c++  -Wl,-U,__Z15vl_time_stamp64v,-U,__Z13sc_time_stampv,-U,_vlog_startup_routines   verilated.o verilated_dpi.o verilated_covergroup.o verilated_timing.o verilated_random.o verilated_threads.o Vtb_top__ALL.a    -pthread -lpthread   -o uvm_alu_sim
rm Vtb_top__ALL.verilator_deplist.tmp
- V e r i l a t i o n   R e p o r t: Verilator 5.050 2026-07-01 rev vUNKNOWN-built20260701
- Verilator: Built from 27.905 MB sources in 374 modules, into 21.972 MB in 2173 C++ files needing 110.089 MB
- Verilator: Walltime 121.248 s (elab=0.854, cvt=3.332, bld=116.123); cpu 5.542 s on 2 threads; allocated 365.406 MB
